2025-08-07T14:00:18+00:00 DEBUG #1358 - [New Request] POST /index.php
2025-08-07T14:00:18+00:00 DEBUG #1358 - GET https://api.woocommerce.com/integrations/ppc/v1/notifications/webhooks
Response: Array
(
    [code] => 404
    [message] => Not Found
)

Response Body: {"statusCode":404,"error":"Not Found","message":"Not Found"}
2025-08-07T14:00:18+00:00 ERROR #1358 - Failed to delete webhooks: [Error] Not Found
2025-08-07T14:00:18+00:00 INFO #1358 - Webhooks deleted.
2025-08-07T14:00:19+00:00 DEBUG #1358 - POST https://api.woocommerce.com/integrations/ppc/v1/notifications/webhooks
Request Body: {"url":"https:\/\/localhost:8000\/index.php?rest_route=\/paypal\/v1\/incoming","event_types":[{"name":"CHECKOUT.ORDER.APPROVED"},{"name":"CHECKOUT.ORDER.COMPLETED"},{"name":"CHECKOUT.PAYMENT-APPROVAL.REVERSED"},{"name":"PAYMENT.CAPTURE.REFUNDED"},{"name":"PAYMENT.AUTHORIZATION.VOIDED"},{"name":"PAYMENT.CAPTURE.REVERSED"},{"name":"PAYMENT.ORDER.CANCELLED"},{"name":"PAYMENT.CAPTURE.DENIED"},{"name":"PAYMENT.CAPTURE.COMPLETED"},{"name":"VAULT.PAYMENT-TOKEN.CREATED"},{"name":"VAULT.PAYMENT-TOKEN.DELETED"},{"name":"PAYMENT.CAPTURE.PENDING"},{"name":"PAYMENT.SALE.COMPLETED"},{"name":"PAYMENT.SALE.REFUNDED"},{"name":"BILLING.SUBSCRIPTION.CANCELLED"},{"name":"BILLING.PLAN.PRICING-CHANGE.ACTIVATED"},{"name":"CATALOG.PRODUCT.UPDATED"},{"name":"BILLING.PLAN.UPDATED"}]}
Response: Array
(
    [code] => 404
    [message] => Not Found
)

Response Body: {"statusCode":404,"error":"Not Found","message":"Not Found"}
2025-08-07T14:00:19+00:00 ERROR #1358 - Failed to subscribe webhooks: [Error] Not Found
2025-08-07T15:58:34+00:00 DEBUG #4442 - [New Request] GET /wp-admin/admin.php
2025-08-07T15:58:34+00:00 DEBUG #4442 - GET https://api.woocommerce.com/integrations/ppc/v1/customer/partners/K8SKZ36LQBWXJ/merchant-integrations/
Request failed. WP error message: cURL error 28: Failed to connect to api.woocommerce.com port 443 after 10003 ms: Timeout was reached
2025-08-07T15:58:34+00:00 WARNING #4442 - Could not fetch sellers status. CONTEXT: {"args":{"method":"GET","headers":{"Authorization":"Bearer token","Content-Type":"application/json"}},"response":{"errors":{"http_request_failed":["cURL error 28: Failed to connect to api.woocommerce.com port 443 after 10003 ms: Timeout was reached"]},"error_data":[]}}
2025-08-07T15:58:45+00:00 DEBUG #7800 - [New Request] GET /index.php
2025-08-07T15:58:45+00:00 DEBUG #7800 - GET https://api.woocommerce.com/integrations/ppc/v1/notifications/webhooks
Request failed. WP error message: cURL error 28: Failed to connect to api.woocommerce.com port 443 after 10007 ms: Timeout was reached
